./preproc/if/pass003.ds:2:2: info: "case #1"
 2 | #info "case #1"
   |  ^~~~
./preproc/if/pass003.ds:8:2: info: "case #3"
 8 | #info "case #3"
   |  ^~~~
./preproc/if/pass003.ds:16:2: info: "case #6"
 16 | #info "case #6"
    |  ^~~~
./preproc/if/pass003.ds: info: warnings 0, errors 0
