./preproc/if/pass001.ds:2:2: info: "case #1"
 2 | #info "case #1"
   |  ^~~~
./preproc/if/pass001.ds: info: warnings 0, errors 0
