./preproc/if/pass007.ds:3:2: info: "case #1"
 3 | #info "case #1"
   |  ^~~~
./preproc/if/pass007.ds:17:2: info: "case #4"
 17 | #info "case #4"
    |  ^~~~
./preproc/if/pass007.ds: info: warnings 0, errors 0
