./preproc/if/pass005.ds:2:2: info: "case #1"
 2 | #info "case #1"
   |  ^~~~
./preproc/if/pass005.ds:10:2: info: "case #4"
 10 | #info "case #4"
    |  ^~~~
./preproc/if/pass005.ds:18:2: info: "case #7"
 18 | #info "case #7"
    |  ^~~~
./preproc/if/pass005.ds:26:2: info: "case #10"
 26 | #info "case #10"
    |  ^~~~
./preproc/if/pass005.ds:36:2: info: "case #14"
 36 | #info "case #14"
    |  ^~~~
./preproc/if/pass005.ds:44:2: info: "case #17"
 44 | #info "case #17"
    |  ^~~~
./preproc/if/pass005.ds:54:2: info: "case #21"
 54 | #info "case #21"
    |  ^~~~
./preproc/if/pass005.ds: info: warnings 0, errors 0
