./const_ops/pass_div.ds: info: warnings 0, errors 0
