./const_ops/pass_mod.ds: info: warnings 0, errors 0
