./const_ops/pass_sub.ds: info: warnings 0, errors 0
