./const_ops/pass_eq.ds: info: warnings 0, errors 0
