./const_ops/pass_and.ds: info: warnings 0, errors 0
