./const_ops/pass_or.ds: info: warnings 0, errors 0
