./const_ops/pass_mul.ds: info: warnings 0, errors 0
