./const_ops/pass_shr.ds: info: warnings 0, errors 0
