./const_ops/pass_not.ds: info: warnings 0, errors 0
