./preproc/builtin/pass003.ds:1:1: debug: token
 1 | const s = __file__;
   | ^~~~~
./preproc/builtin/pass003.ds:1:7: debug: id: s
 1 | const s = __file__;
   |       ^
./preproc/builtin/pass003.ds:1:9: debug: token
 1 | const s = __file__;
   |         ^
./preproc/builtin/pass003.ds:1:11: debug: string: "./preproc/builtin/pass003.ds"
 1 | const s = __file__;
   |           ^~~~~~~~
./preproc/builtin/pass003.ds:1:7: debug: defining constant `s`
 1 | const s = __file__;
   |       ^
./preproc/builtin/pass003.ds:1:19: debug: token
 1 | const s = __file__;
   |                   ^
./preproc/builtin/pass003.ds: info: warnings 0, errors 0
