./struct/pass001.ds:4:3: debug: defining field `i` of type `i32`
 4 |   i : i32;
   |   ^
./struct/pass001.ds:5:3: debug: defining field `f` of type `f64`
 5 |   f : double;
   |   ^
./struct/pass001.ds: info: warnings 0, errors 0
