./preproc/define/pass001.ds:3:1: debug: token
 3 | const a = MACRO;
   | ^~~~~
./preproc/define/pass001.ds:3:7: debug: id: a
 3 | const a = MACRO;
   |       ^
./preproc/define/pass001.ds:3:9: debug: token
 3 | const a = MACRO;
   |         ^
./preproc/define/pass001.ds:3:11: debug: token
 3 | const a = MACRO;
   |           ^~~~~
./preproc/define/pass001.ds:1:15: note: expanded from macro `MACRO`
 1 | #define MACRO ((1) + (2))
   |               ^
./preproc/define/pass001.ds:3:11: debug: token
 3 | const a = MACRO;
   |           ^~~~~
./preproc/define/pass001.ds:1:16: note: expanded from macro `MACRO`
 1 | #define MACRO ((1) + (2))
   |                ^
./preproc/define/pass001.ds:3:11: debug: integer number: 1
 3 | const a = MACRO;
   |           ^~~~~
./preproc/define/pass001.ds:1:17: note: expanded from macro `MACRO`
 1 | #define MACRO ((1) + (2))
   |                 ^
./preproc/define/pass001.ds:3:11: debug: token
 3 | const a = MACRO;
   |           ^~~~~
./preproc/define/pass001.ds:1:18: note: expanded from macro `MACRO`
 1 | #define MACRO ((1) + (2))
   |                  ^
./preproc/define/pass001.ds:3:11: debug: token
 3 | const a = MACRO;
   |           ^~~~~
./preproc/define/pass001.ds:1:20: note: expanded from macro `MACRO`
 1 | #define MACRO ((1) + (2))
   |                    ^
./preproc/define/pass001.ds:3:11: debug: token
 3 | const a = MACRO;
   |           ^~~~~
./preproc/define/pass001.ds:1:22: note: expanded from macro `MACRO`
 1 | #define MACRO ((1) + (2))
   |                      ^
./preproc/define/pass001.ds:3:11: debug: integer number: 2
 3 | const a = MACRO;
   |           ^~~~~
./preproc/define/pass001.ds:1:23: note: expanded from macro `MACRO`
 1 | #define MACRO ((1) + (2))
   |                       ^
./preproc/define/pass001.ds:3:11: debug: token
 3 | const a = MACRO;
   |           ^~~~~
./preproc/define/pass001.ds:1:24: note: expanded from macro `MACRO`
 1 | #define MACRO ((1) + (2))
   |                        ^
./preproc/define/pass001.ds:3:11: debug: token
 3 | const a = MACRO;
   |           ^~~~~
./preproc/define/pass001.ds:1:25: note: expanded from macro `MACRO`
 1 | #define MACRO ((1) + (2))
   |                         ^
./preproc/define/pass001.ds:3:7: debug: defining constant `a`
 3 | const a = MACRO;
   |       ^
./preproc/define/pass001.ds:3:16: debug: token
 3 | const a = MACRO;
   |                ^
./preproc/define/pass001.ds: info: warnings 0, errors 0
